// Jest Snapshot v1, https://goo.gl/fbAQLP

exports[`testing the snapshot 1`] = `
<div>
  Average Price: 
  0
</div>
`;
